// Jest Snapshot v1, https://goo.gl/fbAQLP

exports[`JobsComponent should match snapshot 1`] = `
<hdj-jobs>
  <mat-toolbar
    color="primary"
  /><mat-card
    class="shipping-card"
  />
</hdj-jobs>
`;
